14:25:42 **** Incremental Build of configuration Debug for project bno055 ****
make -j12 all 
arm-none-eabi-gcc "../Core/Src/syscalls.c" -mcpu=cortex-m4 -std=gnu11 -g3 -DDEBUG -DUSE_HAL_DRIVER -DSTM32F446xx -c -I../Core/Inc -I../Drivers/STM32F4xx_HAL_Driver/Inc -I../Drivers/STM32F4xx_HAL_Driver/Inc/Legacy -I../Drivers/CMSIS/Device/ST/STM32F4xx/Include -I../Drivers/CMSIS/Include -O0 -ffunction-sections -fdata-sections -Wall -fstack-usage -fcyclomatic-complexity -MMD -MP -MF"Core/Src/syscalls.d" -MT"Core/Src/syscalls.o" --specs=nano.specs -mfpu=fpv4-sp-d16 -mfloat-abi=hard -mthumb -o "Core/Src/syscalls.o"
arm-none-eabi-gcc -o "bno055.elf" @"objects.list"   -mcpu=cortex-m4 -T"C:\Users\revat\STM32CubeIDE\workspace_1.14.1\bno055\STM32F446RETX_FLASH.ld" --specs=nosys.specs -Wl,-Map="bno055.map" -Wl,--gc-sections -static -u _printf_float --specs=nano.specs -mfpu=fpv4-sp-d16 -mfloat-abi=hard -mthumb -Wl,--start-group -lc -lm -Wl,--end-group
Finished building target: bno055.elf
 
arm-none-eabi-size  bno055.elf 
arm-none-eabi-objdump -h -S bno055.elf  > "bno055.list"
   text	   data	    bss	    dec	    hex	filename
  28044	    488	   1992	  30524	   773c	bno055.elf
Finished building: default.size.stdout
 
Finished building: bno055.list
 

14:25:42 Build Finished. 0 errors, 0 warnings. (took 824ms)

